// Jest Snapshot v1, https://goo.gl/fbAQLP

exports[`Routes return data Get JSON response when requesting projects 1`] = `
Array [
  Object {
    "author": "Bears 19",
    "category": Array [
      "web",
      "development",
    ],
    "description": "We want to create the ultimate to-do list! The project is already started and we need more developers.
Contact me for more info.",
    "id": "1",
    "keywords": Array [
      "web",
      "react",
      "js",
    ],
    "lastSaved": "2018-04-15T11:32:45.000Z",
    "title": "Ultimate to-do list",
  },
  Object {
    "author": "Bears 19",
    "category": Array [
      "gaming",
    ],
    "description": "The idea is to create a platformer inspired by Mario and have it run in the browser. We need artists, javascript developers, level designers...",
    "id": "2",
    "keywords": Array [
      "web",
      "react",
      "js",
    ],
    "lastSaved": "2018-03-27T18:03:02.000Z",
    "title": "Mario-inspired game for the web",
  },
  Object {
    "author": "Bears 19",
    "category": Array [
      "gaming",
    ],
    "description": "Lorem ipsum dolor sit amet, consectetur adipiscing elit, sed do eiusmod tempor incididunt ut labore et dolore magna 
      aliqua. Est lorem ipsum dolor sit amet consectetur adipiscing elit. Odio euismod lacinia at quis. Gravida dictum fusce ut placerat 
      orci nulla pellentesque. Nullam ac tortor vitae purus faucibus ornare. Ut eu sem integer vitae justo eget magna fermentum. Viverra 
      vitae congue eu consequat ac felis donec et odio. Lacus viverra vitae congue eu consequat ac felis donec. Et ligula ullamcorper 
      malesuada proin libero nunc consequat interdum varius. Mattis nunc sed blandit libero volutpat sed. Pretium viverra suspendisse 
      potenti nullam ac tortor vitae purus. Diam donec adipiscing tristique risus nec feugiat in fermentum posuere. Lectus nulla at 
      volutpat diam ut venenatis tellus in metus. Praesent semper feugiat nibh sed pulvinar proin. Id faucibus nisl tincidunt eget nullam. 
      Adipiscing tristique risus nec feugiat in fermentum posuere urna.

      

      Amet luctus venenatis lectus magna. Ac tortor dignissim convallis aenean et tortor at risus. Nunc sed augue lacus viverra vitae. 
      Arcu risus quis varius quam quisque id diam. Elit ullamcorper dignissim cras tincidunt lobortis. Massa vitae tortor condimentum 
      lacinia quis vel eros. Mauris in aliquam sem fringilla ut morbi tincidunt augue. Ornare lectus sit amet est. Ut tellus elementum 
      sagittis vitae et leo duis. Id venenatis a condimentum vitae sapien pellentesque. Pellentesque elit eget gravida cum sociis 
      natoque. Id porta nibh venenatis cras sed felis eget velit.",
    "id": "3",
    "keywords": Array [
      "web",
      "react",
      "js",
    ],
    "lastSaved": "2018-03-27T18:03:02.000Z",
    "title": "A project with two paragraphs",
  },
  Object {
    "author": "Bears 19",
    "category": Array [
      "gaming",
    ],
    "description": "The idea is to create a platformer inspired by Mario and have it run in the browser. We need artists, javascript developers, level designers...",
    "id": "4",
    "keywords": Array [
      "web",
      "react",
      "js",
    ],
    "lastSaved": "2018-03-27T18:03:02.000Z",
    "title": "And another project",
  },
  Object {
    "author": "Bears 19",
    "category": Array [
      "gaming",
    ],
    "description": "Lorem ipsum dolor sit amet, consectetur adipiscing elit, sed do eiusmod tempor incididunt ut labore et dolore magna 
      aliqua. Est lorem ipsum dolor sit amet consectetur adipiscing elit.

      

      Odio euismod lacinia at quis. Gravida dictum fusce ut placerat orci nulla pellentesque. Nullam ac tortor vitae purus faucibus 
      ornare.

      

      Ut eu sem integer vitae justo eget magna fermentum. Viverra vitae congue eu consequat ac felis donec et odio. Lacus viverra vitae 
      congue eu consequat ac felis donec.

      Et ligula ullamcorper malesuada proin libero nunc consequat interdum varius. Mattis nunc sed blandit libero volutpat sed.

      Pretium viverra suspendisse potenti nullam ac tortor vitae purus. Diam donec adipiscing tristique risus nec feugiat in fermentum 
      posuere.

      

      Lectus nulla at volutpat diam ut venenatis tellus in metus. Praesent semper feugiat nibh sed pulvinar proin. Id faucibus nisl 
      tincidunt eget nullam.

      

      Adipiscing tristique risus nec feugiat in fermentum posuere urna.",
    "id": "5",
    "keywords": Array [
      "web",
      "react",
      "js",
    ],
    "lastSaved": "2018-03-27T18:03:02.000Z",
    "title": "A project with lots of short paragraphs",
  },
]
`;
